==========================================================================================
Layer (type:depth-idx)                   Output Shape              Param #
==========================================================================================
ContainerModule                          --                        --
├─ModuleList: 1-1                        --                        --
│    └─Linear: 2-1                       [5]                       30
│    └─ContainerChildModule: 2-2         [5]                       --
│    │    └─Sequential: 3-1              [5]                       60
│    │    └─Linear: 3-2                  [5]                       30
│    │    └─Sequential: 3-3              [5]                       (recursive)
│    └─Linear: 2-3                       [5]                       30
==========================================================================================
Total params: 150
Trainable params: 150
Non-trainable params: 0
Total mult-adds (M): 0.00
==========================================================================================
Input size (MB): 0.00
Forward/backward pass size (MB): 0.00
Params size (MB): 0.00
Estimated Total Size (MB): 0.00
==========================================================================================
