==========================================================================================
Layer (type:depth-idx)                   Output Shape              Param #
==========================================================================================
CustomParameter                          [4, 8]                    32
==========================================================================================
Total params: 32
Trainable params: 32
Non-trainable params: 0
Total mult-adds (M): 0.00
==========================================================================================
Input size (MB): 0.00
Forward/backward pass size (MB): 0.00
Params size (MB): 0.00
Estimated Total Size (MB): 0.00
==========================================================================================
