==========================================================================================
Layer (type:depth-idx)                   Output Shape              Param #
==========================================================================================
ModuleDictModel                          --                        --
├─ModuleDict: 1                          --                        --
│    └─Conv2d: 2-1                       [1, 10, 1, 1]             910
├─ModuleDict: 1                          --                        --
│    └─LeakyReLU: 2-2                    [1, 10, 1, 1]             --
==========================================================================================
Total params: 910
Trainable params: 910
Non-trainable params: 0
Total mult-adds (M): 0.00
==========================================================================================
Input size (MB): 0.00
Forward/backward pass size (MB): 0.00
Params size (MB): 0.00
Estimated Total Size (MB): 0.00
==========================================================================================
