==========================================================================================
Layer (type:depth-idx)                   Output Shape              Param #
==========================================================================================
ResNet                                   --                        --
├─Conv2d: 1-1                            [1, 64, 32, 32]           9,408
├─BatchNorm2d: 1-2                       [1, 64, 32, 32]           128
├─ReLU: 1-3                              [1, 64, 32, 32]           --
├─MaxPool2d: 1-4                         [1, 64, 16, 16]           --
├─Sequential: 1-5                        [1, 64, 16, 16]           147,968
├─Sequential: 1-6                        [1, 128, 8, 8]            525,568
├─Sequential: 1-7                        [1, 256, 4, 4]            2,099,712
├─Sequential: 1-8                        [1, 512, 2, 2]            8,393,728
├─AdaptiveAvgPool2d: 1-9                 [1, 512, 1, 1]            --
├─Linear: 1-10                           [1, 1000]                 513,000
==========================================================================================
Total params: 11,689,512
Trainable params: 11,689,512
Non-trainable params: 0
Total mult-adds (M): 148.57
==========================================================================================
Input size (MB): 0.05
Forward/backward pass size (MB): 3.25
Params size (MB): 46.76
Estimated Total Size (MB): 50.06
==========================================================================================
==========================================================================================
Layer (type:depth-idx)                   Output Shape              Param #
==========================================================================================
ResNet                                   --                        --
├─Conv2d: 1-1                            [1, 64, 32, 32]           9,408
├─BatchNorm2d: 1-2                       [1, 64, 32, 32]           128
├─ReLU: 1-3                              [1, 64, 32, 32]           --
├─MaxPool2d: 1-4                         [1, 64, 16, 16]           --
├─Sequential: 1-5                        [1, 64, 16, 16]           --
│    └─BasicBlock: 2-1                   [1, 64, 16, 16]           73,984
│    └─BasicBlock: 2-2                   [1, 64, 16, 16]           73,984
├─Sequential: 1-6                        [1, 128, 8, 8]            --
│    └─BasicBlock: 2-3                   [1, 128, 8, 8]            230,144
│    └─BasicBlock: 2-4                   [1, 128, 8, 8]            295,424
├─Sequential: 1-7                        [1, 256, 4, 4]            --
│    └─BasicBlock: 2-5                   [1, 256, 4, 4]            919,040
│    └─BasicBlock: 2-6                   [1, 256, 4, 4]            1,180,672
├─Sequential: 1-8                        [1, 512, 2, 2]            --
│    └─BasicBlock: 2-7                   [1, 512, 2, 2]            3,673,088
│    └─BasicBlock: 2-8                   [1, 512, 2, 2]            4,720,640
├─AdaptiveAvgPool2d: 1-9                 [1, 512, 1, 1]            --
├─Linear: 1-10                           [1, 1000]                 513,000
==========================================================================================
Total params: 11,689,512
Trainable params: 11,689,512
Non-trainable params: 0
Total mult-adds (M): 148.57
==========================================================================================
Input size (MB): 0.05
Forward/backward pass size (MB): 3.25
Params size (MB): 46.76
Estimated Total Size (MB): 50.06
==========================================================================================
